// Jest Snapshot v1, https://goo.gl/fbAQLP

exports[`rockets list renders properly 1`] = `
<div
  className="container"
>
  <div
    style={
      Object {
        "opacity": 0,
      }
    }
  />
</div>
`;
